[23:04:28] [main/INFO] (FabricLoader/GameProvider) Loading Minecraft 1.20.1 with Fabric Loader 0.16.14
[23:04:28] [ForkJoinPool-1-worker-11/WARN] (FabricLoader/Metadata) Mod aseoha uses the version ${version} which isn't compatible with Loader's extended semantic version format (Could not parse version number component '${version}'!), SemVer is recommended for reliably evaluating dependencies and prioritizing newer version
[23:04:28] [main/WARN] (FabricLoader/Resolution) Mod resolution failed
[23:04:28] [main/INFO] (FabricLoader/Resolution) Immediate reason: [HARD_DEP_NO_CANDIDATE aseoha ${version} {depends fabricloader @ [>=${loader_version}]}, ROOT_FORCELOAD_SINGLE aseoha ${version}]
[23:04:28] [main/INFO] (FabricLoader/Resolution) Reason: [HARD_DEP aseoha ${version} {depends fabricloader @ [>=${loader_version}]}, HARD_DEP aseoha ${version} {depends minecraft @ [${minecraft_version}]}]
[23:04:28] [main/INFO] (FabricLoader/Resolution) Fix: add [], remove [], replace [[aseoha ${version}] -> add:aseoha 1 ([(-∞,∞)])]
[23:04:28] [main/ERROR] (FabricLoader) Incompatible mods found!
net.fabricmc.loader.impl.FormattedException: Some of your mods are incompatible with the game or each other!
A potential solution has been determined, this may resolve your problem:
	 - Replace mod 'Aseoha' (aseoha) ${version} with any version that is compatible with:
		 - fabricloader 0.16.14
		 - minecraft 1.20.1
More details:
	 - Mod 'Aseoha' (aseoha) ${version} requires version ${loader_version} of mod 'Fabric Loader' (fabricloader), but only the wrong version is present: 0.16.14!
	 - Mod 'Aseoha' (aseoha) ${version} requires version ${minecraft_version} of 'Minecraft' (minecraft), but only the wrong version is present: 1.20.1!
	at net.fabricmc.loader.impl.FormattedException.ofLocalized(FormattedException.java:51) ~[fabric-loader-0.16.14.jar:?]
	at net.fabricmc.loader.impl.FabricLoaderImpl.load(FabricLoaderImpl.java:196) ~[fabric-loader-0.16.14.jar:?]
	at net.fabricmc.loader.impl.launch.knot.Knot.init(Knot.java:146) ~[fabric-loader-0.16.14.jar:?]
	at net.fabricmc.loader.impl.launch.knot.Knot.launch(Knot.java:68) ~[fabric-loader-0.16.14.jar:?]
	at net.fabricmc.loader.impl.launch.knot.KnotClient.main(KnotClient.java:23) ~[fabric-loader-0.16.14.jar:?]
	at net.fabricmc.devlaunchinjector.Main.main(Main.java:86) ~[?:?]
[23:04:28] [main/WARN] (FabricLoader) Failed to open the error gui!
java.lang.reflect.InvocationTargetException: null
	at java.awt.EventQueue.invokeAndWait(EventQueue.java:1371) ~[?:?]
	at java.awt.EventQueue.invokeAndWait(EventQueue.java:1346) ~[?:?]
	at javax.swing.SwingUtilities.invokeAndWait(SwingUtilities.java:1480) ~[?:?]
	at net.fabricmc.loader.impl.gui.FabricMainWindow.open0(FabricMainWindow.java:94) ~[fabric-loader-0.16.14.jar:?]
	at net.fabricmc.loader.impl.gui.FabricMainWindow.open(FabricMainWindow.java:88) ~[fabric-loader-0.16.14.jar:?]
	at net.fabricmc.loader.impl.gui.FabricGuiEntry.open(FabricGuiEntry.java:51) ~[fabric-loader-0.16.14.jar:?]
	at net.fabricmc.loader.impl.gui.FabricGuiEntry.displayError(FabricGuiEntry.java:141) ~[fabric-loader-0.16.14.jar:?]
	at net.fabricmc.loader.impl.gui.FabricGuiEntry.displayError(FabricGuiEntry.java:108) ~[fabric-loader-0.16.14.jar:?]
	at net.fabricmc.loader.impl.launch.FabricLauncherBase.handleFormattedException(FabricLauncherBase.java:86) ~[fabric-loader-0.16.14.jar:?]
	at net.fabricmc.loader.impl.launch.knot.Knot.launch(Knot.java:76) ~[fabric-loader-0.16.14.jar:?]
	at net.fabricmc.loader.impl.launch.knot.KnotClient.main(KnotClient.java:23) ~[fabric-loader-0.16.14.jar:?]
	at net.fabricmc.devlaunchinjector.Main.main(Main.java:86) ~[?:?]
Caused by: java.util.ServiceConfigurationError: javax.imageio.spi.ImageReaderSpi: Provider com.twelvemonkeys.imageio.plugins.webp.WebPImageReaderSpi not found
	at java.util.ServiceLoader.fail(ServiceLoader.java:593) ~[?:?]
	at java.util.ServiceLoader$LazyClassPathLookupIterator.nextProviderClass(ServiceLoader.java:1219) ~[?:?]
	at java.util.ServiceLoader$LazyClassPathLookupIterator.hasNextService(ServiceLoader.java:1228) ~[?:?]
	at java.util.ServiceLoader$LazyClassPathLookupIterator.hasNext(ServiceLoader.java:1273) ~[?:?]
	at java.util.ServiceLoader$2.hasNext(ServiceLoader.java:1309) ~[?:?]
	at java.util.ServiceLoader$3.hasNext(ServiceLoader.java:1393) ~[?:?]
	at javax.imageio.spi.IIORegistry.registerApplicationClasspathSpis(IIORegistry.java:179) ~[?:?]
	at javax.imageio.spi.IIORegistry.<init>(IIORegistry.java:107) ~[?:?]
	at javax.imageio.spi.IIORegistry.getDefaultInstance(IIORegistry.java:128) ~[?:?]
	at javax.imageio.ImageIO.<clinit>(ImageIO.java:64) ~[?:?]
	at net.fabricmc.loader.impl.gui.FabricMainWindow.loadImage(FabricMainWindow.java:225) ~[fabric-loader-0.16.14.jar:?]
	at net.fabricmc.loader.impl.gui.FabricMainWindow.createUi(FabricMainWindow.java:109) ~[fabric-loader-0.16.14.jar:?]
	at net.fabricmc.loader.impl.gui.FabricMainWindow.lambda$open0$0(FabricMainWindow.java:95) ~[fabric-loader-0.16.14.jar:?]
	at java.awt.event.InvocationEvent.dispatch(InvocationEvent.java:308) ~[?:?]
	at java.awt.EventQueue.dispatchEventImpl(EventQueue.java:773) ~[?:?]
	at java.awt.EventQueue$4.run(EventQueue.java:720) ~[?:?]
	at java.awt.EventQueue$4.run(EventQueue.java:714) ~[?:?]
	at java.security.AccessController.doPrivileged(AccessController.java:400) ~[?:?]
	at java.security.ProtectionDomain$JavaSecurityAccessImpl.doIntersectionPrivilege(ProtectionDomain.java:87) ~[?:?]
	at java.awt.EventQueue.dispatchEvent(EventQueue.java:742) ~[?:?]
	at java.awt.EventDispatchThread.pumpOneEventForFilters(EventDispatchThread.java:203) ~[?:?]
	at java.awt.EventDispatchThread.pumpEventsForFilter(EventDispatchThread.java:124) ~[?:?]
	at java.awt.EventDispatchThread.pumpEventsForHierarchy(EventDispatchThread.java:113) ~[?:?]
	at java.awt.EventDispatchThread.pumpEvents(EventDispatchThread.java:109) ~[?:?]
	at java.awt.EventDispatchThread.pumpEvents(EventDispatchThread.java:101) ~[?:?]
	at java.awt.EventDispatchThread.run(EventDispatchThread.java:90) ~[?:?]
